// Jest Snapshot v1, https://goo.gl/fbAQLP

exports[`<HomePage /> should render and match the snapshot 1`] = `
<article>
  <div
    class="HomeWrapper-sc-1oq0eh2-0 gvdHZa"
  >
    <div>
      <section
        class="Section-vxhas0-0 pfTbc"
      >
        <div>
          <h2>
            <span>
              Table Component!
            </span>
          </h2>
        </div>
        <div
          class="table-container"
        >
          <div
            class="table-loader"
          >
            <div
              class="Wrapper-xhscmt-0 cWTKnX"
            >
              <div
                class="Circle__CirclePrimitive-sc-1clhsvv-0 iDJcAz"
              />
              <div
                class="Circle__CirclePrimitive-sc-1clhsvv-0 coneJe"
              />
              <div
                class="Circle__CirclePrimitive-sc-1clhsvv-0 fjiYpJ"
              />
              <div
                class="Circle__CirclePrimitive-sc-1clhsvv-0 fUjJYa"
              />
              <div
                class="Circle__CirclePrimitive-sc-1clhsvv-0 jULPQS"
              />
              <div
                class="Circle__CirclePrimitive-sc-1clhsvv-0 zrQIG"
              />
              <div
                class="Circle__CirclePrimitive-sc-1clhsvv-0 dyDcbW"
              />
              <div
                class="Circle__CirclePrimitive-sc-1clhsvv-0 kqRhGU"
              />
              <div
                class="Circle__CirclePrimitive-sc-1clhsvv-0 etCvTi"
              />
              <div
                class="Circle__CirclePrimitive-sc-1clhsvv-0 gaDLOU"
              />
              <div
                class="Circle__CirclePrimitive-sc-1clhsvv-0 gOsyYj"
              />
              <div
                class="Circle__CirclePrimitive-sc-1clhsvv-0 jISVZi"
              />
            </div>
          </div>
        </div>
      </section>
    </div>
  </div>
</article>
`;
