// Jest Snapshot v1, https://goo.gl/fbAQLP

exports[`getPhotos Saga should call the songsLoadingError action if the response errors 1`] = `
Object {
  "@@redux-saga/IO": true,
  "combinator": false,
  "payload": Object {
    "args": Array [
      "https://jsonplaceholder.typicode.com/photos",
    ],
    "context": null,
    "fn": [Function],
  },
  "type": "CALL",
}
`;

exports[`getPhotos Saga should call the songsLoadingError action if the response errors 2`] = `
Object {
  "@@redux-saga/IO": true,
  "combinator": false,
  "payload": Object {
    "action": Object {
      "songs": undefined,
      "type": "HOME/LOAD_SONGS_SUCCESS",
    },
    "channel": undefined,
  },
  "type": "PUT",
}
`;

exports[`getPhotos Saga should dispatch the songsLoaded action if it requests the data successfully 1`] = `
Object {
  "@@redux-saga/IO": true,
  "combinator": false,
  "payload": Object {
    "args": Array [
      "https://jsonplaceholder.typicode.com/photos",
    ],
    "context": null,
    "fn": [Function],
  },
  "type": "CALL",
}
`;

exports[`getPhotos Saga should dispatch the songsLoaded action if it requests the data successfully 2`] = `
Object {
  "@@redux-saga/IO": true,
  "combinator": false,
  "payload": Object {
    "action": Object {
      "songs": undefined,
      "type": "HOME/LOAD_SONGS_SUCCESS",
    },
    "channel": undefined,
  },
  "type": "PUT",
}
`;
